Archive member included because of file (symbol)

c:/winavr-20100110/bin/../lib/gcc/avr/4.3.3/avr4\libgcc.a(_exit.o)
                              c:/winavr-20100110/bin/../lib/gcc/avr/4.3.3/../../../../avr/lib/avr4/crtm8.o (exit)
c:/winavr-20100110/bin/../lib/gcc/avr/4.3.3/avr4\libgcc.a(_copy_data.o)
                              cl_termo.o (__do_copy_data)
c:/winavr-20100110/bin/../lib/gcc/avr/4.3.3/avr4\libgcc.a(_clear_bss.o)
                              cl_termo.o (__do_clear_bss)

Allocating common symbols
Common symbol       size              file

viewstate           0x1               cl_termo.o
lcd_time_switch     0x1               cl_termo.o
bcd_num3            0x1               cl_termo.o
bcd_num4            0x1               cl_termo.o
time_1w_flag        0x1               cl_termo.o
termostat           0x7               cl_termo.o
regim_state_time    0x11              cl_termo.o
corr_flag           0x1               cl_termo.o
fl_calls_pin        0x1               cl_termo.o
mask                0x2               cl_termo.o
lcd_buffer          0xa               cl_termo.o
otsroshka_num       0x1               cl_termo.o
isr_1sek_           0x1               cl_termo.o
time_flag           0x1               cl_termo.o
light               0x1               cl_termo.o
tempir_msb          0x2               cl_termo.o
bcd_num1            0x1               cl_termo.o
tempir_lsb          0x2               cl_termo.o
bcd_num2            0x1               cl_termo.o
tim_do_light        0x1               cl_termo.o
power_suplly_1w     0x1               cl_termo.o
signal              0x1               cl_termo.o
anti_drebezg        0x3               cl_termo.o
change_light        0x1               cl_termo.o
time_in_regim       0x1               cl_termo.o
out_1wire           0x1               cl_termo.o
clock_              0x1               cl_termo.o
p_index             0x1               cl_termo.o
correct             0x1               cl_termo.o
znakomesto          0x1               cl_termo.o
correction          0x1               cl_termo.o
time                0x4               cl_termo.o
key                 0x1               cl_termo.o
calls               0x24              cl_termo.o
budilnik_nomer      0x1               cl_termo.o
signal_bud          0x1               cl_termo.o
tim_c_light         0x1               cl_termo.o
calls_pin           0x6               cl_termo.o
vid_t               0x1               cl_termo.o
bcd_num0            0x1               cl_termo.o
budilnik_play_num   0x1               cl_termo.o
time_bud_pin        0x2               cl_termo.o
temperatura         0x4               cl_termo.o
temper_termostat    0x1               cl_termo.o
count_com_1w        0x1               cl_termo.o
regim               0x1               cl_termo.o
count_note          0x1               cl_termo.o

Memory Configuration

Name             Origin             Length             Attributes
text             0x00000000         0x00002000         xr
data             0x00800060         0x0000ffa0         rw !x
eeprom           0x00810000         0x00010000         rw !x
fuse             0x00820000         0x00000400         rw !x
lock             0x00830000         0x00000400         rw !x
signature        0x00840000         0x00000400         rw !x
*default*        0x00000000         0xffffffff

Linker script and memory map

LOAD c:/winavr-20100110/bin/../lib/gcc/avr/4.3.3/../../../../avr/lib/avr4/crtm8.o
LOAD cl_termo.o
LOAD c:/winavr-20100110/bin/../lib/gcc/avr/4.3.3/../../../../avr/lib/avr4\libm.a
LOAD c:/winavr-20100110/bin/../lib/gcc/avr/4.3.3/avr4\libgcc.a
LOAD c:/winavr-20100110/bin/../lib/gcc/avr/4.3.3/../../../../avr/lib/avr4\libc.a
LOAD c:/winavr-20100110/bin/../lib/gcc/avr/4.3.3/avr4\libgcc.a

.hash
 *(.hash)

.dynsym
 *(.dynsym)

.dynstr
 *(.dynstr)

.gnu.version
 *(.gnu.version)

.gnu.version_d
 *(.gnu.version_d)

.gnu.version_r
 *(.gnu.version_r)

.rel.init
 *(.rel.init)

.rela.init
 *(.rela.init)

.rel.text
 *(.rel.text)
 *(.rel.text.*)
 *(.rel.gnu.linkonce.t*)

.rela.text
 *(.rela.text)
 *(.rela.text.*)
 *(.rela.gnu.linkonce.t*)

.rel.fini
 *(.rel.fini)

.rela.fini
 *(.rela.fini)

.rel.rodata
 *(.rel.rodata)
 *(.rel.rodata.*)
 *(.rel.gnu.linkonce.r*)

.rela.rodata
 *(.rela.rodata)
 *(.rela.rodata.*)
 *(.rela.gnu.linkonce.r*)

.rel.data
 *(.rel.data)
 *(.rel.data.*)
 *(.rel.gnu.linkonce.d*)

.rela.data
 *(.rela.data)
 *(.rela.data.*)
 *(.rela.gnu.linkonce.d*)

.rel.ctors
 *(.rel.ctors)

.rela.ctors
 *(.rela.ctors)

.rel.dtors
 *(.rel.dtors)

.rela.dtors
 *(.rela.dtors)

.rel.got
 *(.rel.got)

.rela.got
 *(.rela.got)

.rel.bss
 *(.rel.bss)

.rela.bss
 *(.rela.bss)

.rel.plt
 *(.rel.plt)

.rela.plt
 *(.rela.plt)

.text           0x00000000     0x2186
 *(.vectors)
 .vectors       0x00000000       0x26 c:/winavr-20100110/bin/../lib/gcc/avr/4.3.3/../../../../avr/lib/avr4/crtm8.o
                0x00000000                __vectors
                0x00000000                __vector_default
 *(.vectors)
 *(.progmem.gcc*)
 *(.progmem*)
 .progmem.data  0x00000026      0x10e cl_termo.o
                0x0000009d                str_pin_c
                0x00000080                str_calls
                0x00000072                str_signal
                0x000000ce                corr_in_lcd
                0x00000086                str_setup
                0x000000a6                str_cal
                0x000000a2                str_corr
                0x00000079                str_otsro4
                0x00000063                str_yst_see
                0x0000004c                str_button
                0x0000006b                str_monht
                0x000000aa                str_pit
                0x00000034                str_default
                0x0000008c                str_light
                0x00000053                str_light_noch
                0x0000005b                str_yst_bud
                0x00000026                h_day_str
                0x00000092                str_clock
                0x00000098                str_port
                0x000000c9                str_gisterezis
                0x0000003e                str_ds18b20
                0x000000ae                str_vid1_t
                0x00000046                str_budil
                0x000000b8                str_vid2_t
                0x000000c2                str_t_stat
                0x00000134                . = ALIGN (0x2)
                0x00000134                __trampolines_start = .
 *(.trampolines)
 .trampolines   0x00000134        0x0 linker stubs
 *(.trampolines*)
                0x00000134                __trampolines_end = .
 *(.jumptables)
 *(.jumptables*)
 *(.lowtext)
 *(.lowtext*)
                0x00000134                __ctors_start = .
 *(.ctors)
                0x00000134                __ctors_end = .
                0x00000134                __dtors_start = .
 *(.dtors)
                0x00000134                __dtors_end = .
 SORT(*)(.ctors)
 SORT(*)(.dtors)
 *(.init0)
 .init0         0x00000134        0x0 c:/winavr-20100110/bin/../lib/gcc/avr/4.3.3/../../../../avr/lib/avr4/crtm8.o
                0x00000134                __init
 *(.init0)
 *(.init1)
 *(.init1)
 *(.init2)
 .init2         0x00000134        0xc c:/winavr-20100110/bin/../lib/gcc/avr/4.3.3/../../../../avr/lib/avr4/crtm8.o
 *(.init2)
 *(.init3)
 *(.init3)
 *(.init4)
 .init4         0x00000140       0x16 c:/winavr-20100110/bin/../lib/gcc/avr/4.3.3/avr4\libgcc.a(_copy_data.o)
                0x00000140                __do_copy_data
 .init4         0x00000156       0x10 c:/winavr-20100110/bin/../lib/gcc/avr/4.3.3/avr4\libgcc.a(_clear_bss.o)
                0x00000156                __do_clear_bss
 *(.init4)
 *(.init5)
 *(.init5)
 *(.init6)
 *(.init6)
 *(.init7)
 *(.init7)
 *(.init8)
 *(.init8)
 *(.init9)
 .init9         0x00000166        0x4 c:/winavr-20100110/bin/../lib/gcc/avr/4.3.3/../../../../avr/lib/avr4/crtm8.o
 *(.init9)
 *(.text)
 .text          0x0000016a        0x2 c:/winavr-20100110/bin/../lib/gcc/avr/4.3.3/../../../../avr/lib/avr4/crtm8.o
                0x0000016a                __vector_1
                0x0000016a                __vector_12
                0x0000016a                __bad_interrupt
                0x0000016a                __vector_6
                0x0000016a                __vector_3
                0x0000016a                __vector_11
                0x0000016a                __vector_13
                0x0000016a                __vector_17
                0x0000016a                __vector_7
                0x0000016a                __vector_5
                0x0000016a                __vector_2
                0x0000016a                __vector_15
                0x0000016a                __vector_8
                0x0000016a                __vector_14
                0x0000016a                __vector_10
                0x0000016a                __vector_16
                0x0000016a                __vector_18
 .text          0x0000016c     0x2016 cl_termo.o
                0x00000372                readbit
                0x00001450                tempir__clock_in_lcd
                0x00001c00                signal_off
                0x000007cc                inc_dec_var_bit
                0x0000086c                next_regim
                0x000001f6                read_data_EEPROM
                0x000014fa                on__
                0x00001ea2                time_count
                0x000003ea                writebit0
                0x00001b9e                shim
                0x000006c0                data_shift
                0x00000408                writebit1
                0x0000042c                writebyte
                0x000014a0                tempir_2oo_in_lcd
                0x000011d2                num3_th_in_lcd_buffer
                0x00000368                pullup_off
                0x0000125c                clock_in_lcd0
                0x0000016c                timer1_init
                0x00001314                num_month_day
                0x00001c68                calls_verify
                0x00000898                reg_see_init
                0x00001516                power_in_lcd
                0x00001210                blank_nul
                0x000006da                display
                0x000001c2                EEPROM_READ
                0x000014b0                grad_celsia
                0x000015a8                indikator_manager
                0x0000056e                izmerenie_t
                0x00000198                init_devices
                0x000012c4                lcd_hh_mm
                0x00001478                tempir_2_in_lcd
                0x00001bea                budilnik_out
                0x00001d7a                set_temper_termostat
                0x00000524                format_t
                0x00001222                clock_in_lcd_gl
                0x0000018a                shim_true
                0x00001fae                init_devices_save_mode
                0x000015f8                data_lcd
                0x00001d50                calls_pin_verify
                0x000004f2                scratchpad_save
                0x0000145c                tempir_1_clock_in_lcd
                0x0000115c                cls_lcd_buffer
                0x0000146a                tempir_2_clock_in_lcd
                0x0000119a                num2_bcd_in_lcd
                0x00000180                timer1_init_in_pwm
                0x00001290                day_str
                0x00001fbe                main
                0x00000714                skankey
                0x0000214e                __vector_4
                0x00002108                __vector_9
                0x000014dc                one_tempir_1_in_lsd
                0x00000460                detectPresence
                0x0000083c                mask_next_regim
                0x000014be                one_tempir_0_in_lsd
                0x0000116c                load_str_in_lcdbuffer
                0x000012bc                clock_day_str
                0x00001494                tempir_2o_in_lcd
                0x00001546                view_in_indikator
                0x00001b76                init_signal
                0x000012e6                hh_mm_ss
                0x00001104                result_in_bcd
                0x0000080c                inc_dec_var
                0x0000039c                readbyte
                0x00001344                tempir_in_bcd
                0x00001d94                clock
                0x000008a4                key_action
                0x000001d0                EEPROM_write
 .text          0x00002182        0x0 c:/winavr-20100110/bin/../lib/gcc/avr/4.3.3/avr4\libgcc.a(_exit.o)
 .text          0x00002182        0x0 c:/winavr-20100110/bin/../lib/gcc/avr/4.3.3/avr4\libgcc.a(_copy_data.o)
 .text          0x00002182        0x0 c:/winavr-20100110/bin/../lib/gcc/avr/4.3.3/avr4\libgcc.a(_clear_bss.o)
                0x00002182                . = ALIGN (0x2)
 *(.text.*)
 .text.libgcc   0x00002182        0x0 c:/winavr-20100110/bin/../lib/gcc/avr/4.3.3/avr4\libgcc.a(_exit.o)
 .text.libgcc   0x00002182        0x0 c:/winavr-20100110/bin/../lib/gcc/avr/4.3.3/avr4\libgcc.a(_copy_data.o)
 .text.libgcc   0x00002182        0x0 c:/winavr-20100110/bin/../lib/gcc/avr/4.3.3/avr4\libgcc.a(_clear_bss.o)
                0x00002182                . = ALIGN (0x2)
 *(.fini9)
 .fini9         0x00002182        0x0 c:/winavr-20100110/bin/../lib/gcc/avr/4.3.3/avr4\libgcc.a(_exit.o)
                0x00002182                exit
                0x00002182                _exit
 *(.fini9)
 *(.fini8)
 *(.fini8)
 *(.fini7)
 *(.fini7)
 *(.fini6)
 *(.fini6)
 *(.fini5)
 *(.fini5)
 *(.fini4)
 *(.fini4)
 *(.fini3)
 *(.fini3)
 *(.fini2)
 *(.fini2)
 *(.fini1)
 *(.fini1)
 *(.fini0)
 .fini0         0x00002182        0x4 c:/winavr-20100110/bin/../lib/gcc/avr/4.3.3/avr4\libgcc.a(_exit.o)
 *(.fini0)
                0x00002186                _etext = .

.data           0x00800060       0x62 load address 0x00002186
                0x00800060                PROVIDE (__data_start, .)
 *(.data)
 .data          0x00800060        0x0 c:/winavr-20100110/bin/../lib/gcc/avr/4.3.3/../../../../avr/lib/avr4/crtm8.o
 .data          0x00800060       0x61 cl_termo.o
                0x008000ad                num_in_month
                0x00800060                font
                0x0080009f                night_light
                0x008000a6                ocr1
                0x008000b9                length_note
                0x008000ab                time_signal
                0x00800094                light_time_mig
                0x0080009e                day_light
                0x008000ac                time_view_buf
                0x008000a0                hour
                0x0080008b                light_swith
                0x008000bd                uprav_TCCR1B
                0x0080009d                lcd_light
 .data          0x008000c1        0x0 c:/winavr-20100110/bin/../lib/gcc/avr/4.3.3/avr4\libgcc.a(_exit.o)
 .data          0x008000c1        0x0 c:/winavr-20100110/bin/../lib/gcc/avr/4.3.3/avr4\libgcc.a(_copy_data.o)
 .data          0x008000c1        0x0 c:/winavr-20100110/bin/../lib/gcc/avr/4.3.3/avr4\libgcc.a(_clear_bss.o)
 *(.data*)
 *(.rodata)
 *(.rodata*)
 *(.gnu.linkonce.d*)
                0x008000c2                . = ALIGN (0x2)
 *fill*         0x008000c1        0x1 00
                0x008000c2                _edata = .
                0x008000c2                PROVIDE (__data_end, .)

.bss            0x008000c2       0x85
                0x008000c2                PROVIDE (__bss_start, .)
 *(.bss)
 .bss           0x008000c2        0x0 c:/winavr-20100110/bin/../lib/gcc/avr/4.3.3/../../../../avr/lib/avr4/crtm8.o
 .bss           0x008000c2        0x3 cl_termo.o
 .bss           0x008000c5        0x0 c:/winavr-20100110/bin/../lib/gcc/avr/4.3.3/avr4\libgcc.a(_exit.o)
 .bss           0x008000c5        0x0 c:/winavr-20100110/bin/../lib/gcc/avr/4.3.3/avr4\libgcc.a(_copy_data.o)
 .bss           0x008000c5        0x0 c:/winavr-20100110/bin/../lib/gcc/avr/4.3.3/avr4\libgcc.a(_clear_bss.o)
 *(.bss*)
 *(COMMON)
 COMMON         0x008000c5       0x82 cl_termo.o
                0x008000c5                viewstate
                0x008000c6                lcd_time_switch
                0x008000c7                bcd_num3
                0x008000c8                bcd_num4
                0x008000c9                time_1w_flag
                0x008000ca                termostat
                0x008000d1                regim_state_time
                0x008000e2                corr_flag
                0x008000e3                fl_calls_pin
                0x008000e4                mask
                0x008000e6                lcd_buffer
                0x008000f0                otsroshka_num
                0x008000f1                isr_1sek_
                0x008000f2                time_flag
                0x008000f3                light
                0x008000f4                tempir_msb
                0x008000f6                bcd_num1
                0x008000f7                tempir_lsb
                0x008000f9                bcd_num2
                0x008000fa                tim_do_light
                0x008000fb                power_suplly_1w
                0x008000fc                signal
                0x008000fd                anti_drebezg
                0x00800100                change_light
                0x00800101                time_in_regim
                0x00800102                out_1wire
                0x00800103                clock_
                0x00800104                p_index
                0x00800105                correct
                0x00800106                znakomesto
                0x00800107                correction
                0x00800108                time
                0x0080010c                key
                0x0080010d                calls
                0x00800131                budilnik_nomer
                0x00800132                signal_bud
                0x00800133                tim_c_light
                0x00800134                calls_pin
                0x0080013a                vid_t
                0x0080013b                bcd_num0
                0x0080013c                budilnik_play_num
                0x0080013d                time_bud_pin
                0x0080013f                temperatura
                0x00800143                temper_termostat
                0x00800144                count_com_1w
                0x00800145                regim
                0x00800146                count_note
                0x00800147                PROVIDE (__bss_end, .)
                0x00002186                __data_load_start = LOADADDR (.data)
                0x000021e8                __data_load_end = (__data_load_start + SIZEOF (.data))

.noinit         0x00800147        0x0
                0x00800147                PROVIDE (__noinit_start, .)
 *(.noinit*)
                0x00800147                PROVIDE (__noinit_end, .)
                0x00800147                _end = .
                0x00800147                PROVIDE (__heap_start, .)

.eeprom         0x00810000        0x0
 *(.eeprom*)
                0x00810000                __eeprom_end = .

.fuse
 *(.fuse)
 *(.lfuse)
 *(.hfuse)
 *(.efuse)

.lock
 *(.lock*)

.signature
 *(.signature*)

.stab
 *(.stab)

.stabstr
 *(.stabstr)

.stab.excl
 *(.stab.excl)

.stab.exclstr
 *(.stab.exclstr)

.stab.index
 *(.stab.index)

.stab.indexstr
 *(.stab.indexstr)

.comment
 *(.comment)

.debug
 *(.debug)

.line
 *(.line)

.debug_srcinfo
 *(.debug_srcinfo)

.debug_sfnames
 *(.debug_sfnames)

.debug_aranges  0x00000000       0x20
 *(.debug_aranges)
 .debug_aranges
                0x00000000       0x20 cl_termo.o

.debug_pubnames
                0x00000000      0x984
 *(.debug_pubnames)
 .debug_pubnames
                0x00000000      0x984 cl_termo.o

.debug_info     0x00000000     0x1dfd
 *(.debug_info)
 .debug_info    0x00000000     0x1dfd cl_termo.o
 *(.gnu.linkonce.wi.*)

.debug_abbrev   0x00000000      0x3c8
 *(.debug_abbrev)
 .debug_abbrev  0x00000000      0x3c8 cl_termo.o

.debug_line     0x00000000     0x2543
 *(.debug_line)
 .debug_line    0x00000000     0x2543 cl_termo.o

.debug_frame    0x00000000      0x440
 *(.debug_frame)
 .debug_frame   0x00000000      0x440 cl_termo.o

.debug_str      0x00000000      0x8e5
 *(.debug_str)
 .debug_str     0x00000000      0x8e5 cl_termo.o
                                0x9c3 (size before relaxing)

.debug_loc      0x00000000      0xa46
 *(.debug_loc)
 .debug_loc     0x00000000      0xa46 cl_termo.o

.debug_macinfo
 *(.debug_macinfo)
OUTPUT(cl_termo.elf elf32-avr)
LOAD linker stubs

.debug_ranges   0x00000000       0x30
 .debug_ranges  0x00000000       0x30 cl_termo.o

Cross Reference Table

Symbol                                            File
EEPROM_READ                                       cl_termo.o
EEPROM_write                                      cl_termo.o
__bad_interrupt                                   c:/winavr-20100110/bin/../lib/gcc/avr/4.3.3/../../../../avr/lib/avr4/crtm8.o
__bss_end                                         c:/winavr-20100110/bin/../lib/gcc/avr/4.3.3/avr4\libgcc.a(_clear_bss.o)
__bss_start                                       c:/winavr-20100110/bin/../lib/gcc/avr/4.3.3/avr4\libgcc.a(_clear_bss.o)
__data_end                                        c:/winavr-20100110/bin/../lib/gcc/avr/4.3.3/avr4\libgcc.a(_copy_data.o)
__data_load_start                                 c:/winavr-20100110/bin/../lib/gcc/avr/4.3.3/avr4\libgcc.a(_copy_data.o)
__data_start                                      c:/winavr-20100110/bin/../lib/gcc/avr/4.3.3/avr4\libgcc.a(_copy_data.o)
__do_clear_bss                                    c:/winavr-20100110/bin/../lib/gcc/avr/4.3.3/avr4\libgcc.a(_clear_bss.o)
                                                  cl_termo.o
__do_copy_data                                    c:/winavr-20100110/bin/../lib/gcc/avr/4.3.3/avr4\libgcc.a(_copy_data.o)
                                                  cl_termo.o
__heap_end                                        c:/winavr-20100110/bin/../lib/gcc/avr/4.3.3/../../../../avr/lib/avr4/crtm8.o
__init                                            c:/winavr-20100110/bin/../lib/gcc/avr/4.3.3/../../../../avr/lib/avr4/crtm8.o
__stack                                           c:/winavr-20100110/bin/../lib/gcc/avr/4.3.3/../../../../avr/lib/avr4/crtm8.o
__vector_1                                        c:/winavr-20100110/bin/../lib/gcc/avr/4.3.3/../../../../avr/lib/avr4/crtm8.o
__vector_10                                       c:/winavr-20100110/bin/../lib/gcc/avr/4.3.3/../../../../avr/lib/avr4/crtm8.o
__vector_11                                       c:/winavr-20100110/bin/../lib/gcc/avr/4.3.3/../../../../avr/lib/avr4/crtm8.o
__vector_12                                       c:/winavr-20100110/bin/../lib/gcc/avr/4.3.3/../../../../avr/lib/avr4/crtm8.o
__vector_13                                       c:/winavr-20100110/bin/../lib/gcc/avr/4.3.3/../../../../avr/lib/avr4/crtm8.o
__vector_14                                       c:/winavr-20100110/bin/../lib/gcc/avr/4.3.3/../../../../avr/lib/avr4/crtm8.o
__vector_15                                       c:/winavr-20100110/bin/../lib/gcc/avr/4.3.3/../../../../avr/lib/avr4/crtm8.o
__vector_16                                       c:/winavr-20100110/bin/../lib/gcc/avr/4.3.3/../../../../avr/lib/avr4/crtm8.o
__vector_17                                       c:/winavr-20100110/bin/../lib/gcc/avr/4.3.3/../../../../avr/lib/avr4/crtm8.o
__vector_18                                       c:/winavr-20100110/bin/../lib/gcc/avr/4.3.3/../../../../avr/lib/avr4/crtm8.o
__vector_2                                        c:/winavr-20100110/bin/../lib/gcc/avr/4.3.3/../../../../avr/lib/avr4/crtm8.o
__vector_3                                        c:/winavr-20100110/bin/../lib/gcc/avr/4.3.3/../../../../avr/lib/avr4/crtm8.o
__vector_4                                        cl_termo.o
                                                  c:/winavr-20100110/bin/../lib/gcc/avr/4.3.3/../../../../avr/lib/avr4/crtm8.o
__vector_5                                        c:/winavr-20100110/bin/../lib/gcc/avr/4.3.3/../../../../avr/lib/avr4/crtm8.o
__vector_6                                        c:/winavr-20100110/bin/../lib/gcc/avr/4.3.3/../../../../avr/lib/avr4/crtm8.o
__vector_7                                        c:/winavr-20100110/bin/../lib/gcc/avr/4.3.3/../../../../avr/lib/avr4/crtm8.o
__vector_8                                        c:/winavr-20100110/bin/../lib/gcc/avr/4.3.3/../../../../avr/lib/avr4/crtm8.o
__vector_9                                        cl_termo.o
                                                  c:/winavr-20100110/bin/../lib/gcc/avr/4.3.3/../../../../avr/lib/avr4/crtm8.o
__vector_default                                  c:/winavr-20100110/bin/../lib/gcc/avr/4.3.3/../../../../avr/lib/avr4/crtm8.o
__vectors                                         c:/winavr-20100110/bin/../lib/gcc/avr/4.3.3/../../../../avr/lib/avr4/crtm8.o
_exit                                             c:/winavr-20100110/bin/../lib/gcc/avr/4.3.3/avr4\libgcc.a(_exit.o)
anti_drebezg                                      cl_termo.o
bcd_num0                                          cl_termo.o
bcd_num1                                          cl_termo.o
bcd_num2                                          cl_termo.o
bcd_num3                                          cl_termo.o
bcd_num4                                          cl_termo.o
blank_nul                                         cl_termo.o
budilnik_nomer                                    cl_termo.o
budilnik_out                                      cl_termo.o
budilnik_play_num                                 cl_termo.o
calls                                             cl_termo.o
calls_pin                                         cl_termo.o
calls_pin_verify                                  cl_termo.o
calls_verify                                      cl_termo.o
change_light                                      cl_termo.o
clock                                             cl_termo.o
clock_                                            cl_termo.o
clock_day_str                                     cl_termo.o
clock_in_lcd0                                     cl_termo.o
clock_in_lcd_gl                                   cl_termo.o
cls_lcd_buffer                                    cl_termo.o
corr_flag                                         cl_termo.o
corr_in_lcd                                       cl_termo.o
correct                                           cl_termo.o
correction                                        cl_termo.o
count_com_1w                                      cl_termo.o
count_note                                        cl_termo.o
data_lcd                                          cl_termo.o
data_shift                                        cl_termo.o
day_light                                         cl_termo.o
day_str                                           cl_termo.o
detectPresence                                    cl_termo.o
display                                           cl_termo.o
exit                                              c:/winavr-20100110/bin/../lib/gcc/avr/4.3.3/avr4\libgcc.a(_exit.o)
                                                  c:/winavr-20100110/bin/../lib/gcc/avr/4.3.3/../../../../avr/lib/avr4/crtm8.o
fl_calls_pin                                      cl_termo.o
font                                              cl_termo.o
format_t                                          cl_termo.o
grad_celsia                                       cl_termo.o
h_day_str                                         cl_termo.o
hh_mm_ss                                          cl_termo.o
hour                                              cl_termo.o
inc_dec_var                                       cl_termo.o
inc_dec_var_bit                                   cl_termo.o
indikator_manager                                 cl_termo.o
init_devices                                      cl_termo.o
init_devices_save_mode                            cl_termo.o
init_signal                                       cl_termo.o
isr_1sek_                                         cl_termo.o
izmerenie_t                                       cl_termo.o
key                                               cl_termo.o
key_action                                        cl_termo.o
lcd_buffer                                        cl_termo.o
lcd_hh_mm                                         cl_termo.o
lcd_light                                         cl_termo.o
lcd_time_switch                                   cl_termo.o
length_note                                       cl_termo.o
light                                             cl_termo.o
light_swith                                       cl_termo.o
light_time_mig                                    cl_termo.o
load_str_in_lcdbuffer                             cl_termo.o
main                                              cl_termo.o
                                                  c:/winavr-20100110/bin/../lib/gcc/avr/4.3.3/../../../../avr/lib/avr4/crtm8.o
mask                                              cl_termo.o
mask_next_regim                                   cl_termo.o
next_regim                                        cl_termo.o
night_light                                       cl_termo.o
num2_bcd_in_lcd                                   cl_termo.o
num3_th_in_lcd_buffer                             cl_termo.o
num_in_month                                      cl_termo.o
num_month_day                                     cl_termo.o
ocr1                                              cl_termo.o
on__                                              cl_termo.o
one_tempir_0_in_lsd                               cl_termo.o
one_tempir_1_in_lsd                               cl_termo.o
otsroshka_num                                     cl_termo.o
out_1wire                                         cl_termo.o
p_index                                           cl_termo.o
power_in_lcd                                      cl_termo.o
power_suplly_1w                                   cl_termo.o
pullup_off                                        cl_termo.o
read_data_EEPROM                                  cl_termo.o
readbit                                           cl_termo.o
readbyte                                          cl_termo.o
reg_see_init                                      cl_termo.o
regim                                             cl_termo.o
regim_state_time                                  cl_termo.o
result_in_bcd                                     cl_termo.o
scratchpad_save                                   cl_termo.o
set_temper_termostat                              cl_termo.o
shim                                              cl_termo.o
shim_true                                         cl_termo.o
signal                                            cl_termo.o
signal_bud                                        cl_termo.o
signal_off                                        cl_termo.o
skankey                                           cl_termo.o
str_budil                                         cl_termo.o
str_button                                        cl_termo.o
str_cal                                           cl_termo.o
str_calls                                         cl_termo.o
str_clock                                         cl_termo.o
str_corr                                          cl_termo.o
str_default                                       cl_termo.o
str_ds18b20                                       cl_termo.o
str_gisterezis                                    cl_termo.o
str_light                                         cl_termo.o
str_light_noch                                    cl_termo.o
str_monht                                         cl_termo.o
str_otsro4                                        cl_termo.o
str_pin_c                                         cl_termo.o
str_pit                                           cl_termo.o
str_port                                          cl_termo.o
str_setup                                         cl_termo.o
str_signal                                        cl_termo.o
str_t_stat                                        cl_termo.o
str_vid1_t                                        cl_termo.o
str_vid2_t                                        cl_termo.o
str_yst_bud                                       cl_termo.o
str_yst_see                                       cl_termo.o
temper_termostat                                  cl_termo.o
temperatura                                       cl_termo.o
tempir_1_clock_in_lcd                             cl_termo.o
tempir_2_clock_in_lcd                             cl_termo.o
tempir_2_in_lcd                                   cl_termo.o
tempir_2o_in_lcd                                  cl_termo.o
tempir_2oo_in_lcd                                 cl_termo.o
tempir__clock_in_lcd                              cl_termo.o
tempir_in_bcd                                     cl_termo.o
tempir_lsb                                        cl_termo.o
tempir_msb                                        cl_termo.o
termostat                                         cl_termo.o
tim_c_light                                       cl_termo.o
tim_do_light                                      cl_termo.o
time                                              cl_termo.o
time_1w_flag                                      cl_termo.o
time_bud_pin                                      cl_termo.o
time_count                                        cl_termo.o
time_flag                                         cl_termo.o
time_in_regim                                     cl_termo.o
time_signal                                       cl_termo.o
time_view_buf                                     cl_termo.o
timer1_init                                       cl_termo.o
timer1_init_in_pwm                                cl_termo.o
uprav_TCCR1B                                      cl_termo.o
vid_t                                             cl_termo.o
view_in_indikator                                 cl_termo.o
viewstate                                         cl_termo.o
writebit0                                         cl_termo.o
writebit1                                         cl_termo.o
writebyte                                         cl_termo.o
znakomesto                                        cl_termo.o
